// Jest Snapshot v1, https://goo.gl/fbAQLP

exports[`<CustomNavBar /> Should Render CustomNavBar 1`] = `
<View
  style={
    Object {
      "alignItems": "center",
      "backgroundColor": "#3b5998",
      "flexDirection": "row",
      "height": 64,
      "justifyContent": "space-between",
      "left": 0,
      "paddingHorizontal": 10,
      "paddingTop": 5,
      "position": "absolute",
      "right": 0,
      "top": 0,
    }
  }
>
  <View
    style={
      Object {
        "alignItems": "center",
        "flex": 1,
        "flexDirection": "row",
        "justifyContent": "flex-start",
      }
    }
  >
    <Text
      accessible={true}
      allowFontScaling={true}
      ellipsizeMode="tail"
    >
      LEFT
    </Text>
  </View>
  <View>
    <Text
      accessible={true}
      allowFontScaling={true}
      ellipsizeMode="tail"
    >
      MIDDLE
    </Text>
  </View>
  <View
    style={
      Object {
        "alignItems": "center",
        "flex": 1,
        "flexDirection": "row",
        "justifyContent": "flex-end",
      }
    }
  >
    <Text
      accessible={true}
      allowFontScaling={true}
      ellipsizeMode="tail"
    >
      RIGHT
    </Text>
  </View>
</View>
`;
