// Jest Snapshot v1, https://goo.gl/fbAQLP

exports[`<CardDetails /> Should Render CardDetails 1`] = `
<ScrollViewMock
  style={
    Object {
      "flex": 1,
      "paddingTop": 64,
    }
  }
>
  <View
    style={
      Object {
        "height": 1036,
        "marginHorizontal": 5,
        "width": 740,
      }
    }
  >
    <CardImage
      card={
        Object {
          "artist": "Zack Stella",
          "cmc": 2,
          "colorIdentity": Object {
            "0": Object {
              "colorIdentity": "U",
            },
          },
          "colors": Object {
            "0": Object {
              "color": "Blue",
            },
          },
          "flavor": "It is fascinating to see how the people of this plane replicate magical techniques without a natural gift.",
          "foreignNames": Object {
            "0": Object {
              "language": "Chinese Simplified",
              "multiverseid": 423891,
              "name": "失效",
            },
            "1": Object {
              "language": "Chinese Traditional",
              "multiverseid": 424075,
              "name": "失效",
            },
            "2": Object {
              "language": "French",
              "multiverseid": 424443,
              "name": "Négation",
            },
            "3": Object {
              "language": "German",
              "multiverseid": 424259,
              "name": "Negieren",
            },
            "4": Object {
              "language": "Italian",
              "multiverseid": 424627,
              "name": "Negare",
            },
            "5": Object {
              "language": "Japanese",
              "multiverseid": 424811,
              "name": "否認",
            },
            "6": Object {
              "language": "Korean",
              "multiverseid": 424995,
              "name": "부인",
            },
            "7": Object {
              "language": "Portuguese (Brazil)",
              "multiverseid": 425179,
              "name": "Negar",
            },
            "8": Object {
              "language": "Russian",
              "multiverseid": 425363,
              "name": "Отвергнуть",
            },
            "9": Object {
              "language": "Spanish",
              "multiverseid": 425547,
              "name": "Negar",
            },
          },
          "id": "66106dba089787a1d0d5fe1b80091e7eebe29e55",
          "imagename": "negate",
          "layout": "normal",
          "legalities": Object {
            "0": Object {
              "format": "Battle for Zendikar Block",
              "legality": "Legal",
            },
            "1": Object {
              "format": "Commander",
              "legality": "Legal",
            },
            "2": Object {
              "format": "Khans of Tarkir Block",
              "legality": "Legal",
            },
            "3": Object {
              "format": "Legacy",
              "legality": "Legal",
            },
            "4": Object {
              "format": "Lorwyn-Shadowmoor Block",
              "legality": "Legal",
            },
            "5": Object {
              "format": "Modern",
              "legality": "Legal",
            },
            "6": Object {
              "format": "Standard",
              "legality": "Legal",
            },
            "7": Object {
              "format": "Vintage",
              "legality": "Legal",
            },
          },
          "manaCost": "{1}{U}",
          "multiverseid": 423707,
          "name": "Negate",
          "number": "40",
          "originalText": "Counter target noncreature spell.",
          "originalType": "Instant",
          "power": null,
          "printings": Object {
            "0": Object {
              "printing": "pMPR",
            },
            "1": Object {
              "printing": "MOR",
            },
            "10": Object {
              "printing": "ORI",
            },
            "11": Object {
              "printing": "OGW",
            },
            "12": Object {
              "printing": "CN2",
            },
            "13": Object {
              "printing": "AER",
            },
            "2": Object {
              "printing": "M10",
            },
            "3": Object {
              "printing": "DPA",
            },
            "4": Object {
              "printing": "M11",
            },
            "5": Object {
              "printing": "M12",
            },
            "6": Object {
              "printing": "M13",
            },
            "7": Object {
              "printing": "M14",
            },
            "8": Object {
              "printing": "M15",
            },
            "9": Object {
              "printing": "DTK",
            },
          },
          "rarity": "Common",
          "rulings": Object {
            "0": Object {
              "date": "2009-10-01",
              "text": "A creature spell is any spell with the type creature, even if it has other types such as artifact or enchantment. Older cards of type summon are also creature spells.",
            },
            "1": Object {
              "date": "2009-10-01",
              "text": "Testing.",
            },
          },
          "subtypes": Object {},
          "superTypes": Object {},
          "text": "Counter target noncreature spell.",
          "toughness": null,
          "type": "Instant",
          "types": Object {
            "0": Object {
              "type": "Instant",
            },
          },
        }
      }
    />
  </View>
  <View
    style={
      Object {
        "alignItems": "flex-start",
        "flexDirection": "row",
        "marginHorizontal": 10,
        "marginVertical": 5,
      }
    }
  >
    <Text
      accessible={true}
      allowFontScaling={true}
      ellipsizeMode="tail"
      style={
        Object {
          "fontFamily": "MTGX",
          "fontSize": 17,
        }
      }
    >
      <Text
        accessible={true}
        allowFontScaling={true}
        ellipsizeMode="tail"
        style={
          Object {
            "color": "#000000",
          }
        }
      >
        I18n.t(name): 
      </Text>
      Negate
    </Text>
  </View>
  <View
    style={
      Object {
        "alignItems": "flex-start",
        "flexDirection": "row",
        "marginHorizontal": 10,
        "marginVertical": 5,
      }
    }
  >
    <Text
      accessible={true}
      allowFontScaling={true}
      ellipsizeMode="tail"
      style={
        Object {
          "fontFamily": "MTGX",
          "fontSize": 17,
        }
      }
    >
      <Text
        accessible={true}
        allowFontScaling={true}
        ellipsizeMode="tail"
        style={
          Object {
            "color": "#000000",
          }
        }
      >
        I18n.t(type): 
      </Text>
      Instant
    </Text>
  </View>
  <View
    style={
      Object {
        "alignItems": "flex-start",
        "flexDirection": "row",
        "marginHorizontal": 10,
        "marginVertical": 5,
      }
    }
  >
    <Text
      accessible={true}
      allowFontScaling={true}
      ellipsizeMode="tail"
      style={
        Object {
          "fontFamily": "MTGX",
          "fontSize": 17,
        }
      }
    >
      <Text
        accessible={true}
        allowFontScaling={true}
        ellipsizeMode="tail"
        style={
          Object {
            "color": "#000000",
          }
        }
      >
        I18n.t(P/T): 
      </Text>
      null/null
    </Text>
  </View>
  <View
    style={
      Object {
        "alignItems": "flex-start",
        "flexDirection": "row",
        "marginHorizontal": 10,
        "marginVertical": 5,
      }
    }
  >
    <Text
      accessible={true}
      allowFontScaling={true}
      ellipsizeMode="tail"
      style={
        Object {
          "fontFamily": "MTGX",
          "fontSize": 17,
        }
      }
    >
      <Text
        accessible={true}
        allowFontScaling={true}
        ellipsizeMode="tail"
        style={
          Object {
            "color": "#000000",
          }
        }
      >
        I18n.t(manaCost): 
      </Text>
      {1}{U} (2)
    </Text>
  </View>
  <View
    style={
      Object {
        "alignItems": "flex-start",
        "flexDirection": "row",
        "marginHorizontal": 10,
        "marginVertical": 5,
      }
    }
  >
    <Text
      accessible={true}
      allowFontScaling={true}
      ellipsizeMode="tail"
      style={
        Object {
          "fontFamily": "MTGX",
          "fontSize": 17,
        }
      }
    >
      <Text
        accessible={true}
        allowFontScaling={true}
        ellipsizeMode="tail"
        style={
          Object {
            "color": "#000000",
          }
        }
      >
        I18n.t(rarity): 
      </Text>
      Common
    </Text>
  </View>
  <View
    style={
      Object {
        "alignItems": "flex-start",
        "flexDirection": "row",
        "marginHorizontal": 10,
        "marginVertical": 5,
      }
    }
  >
    <Text
      accessible={true}
      allowFontScaling={true}
      ellipsizeMode="tail"
      style={
        Object {
          "fontFamily": "MTGX",
          "fontSize": 17,
        }
      }
    >
      <Text
        accessible={true}
        allowFontScaling={true}
        ellipsizeMode="tail"
        style={
          Object {
            "color": "#000000",
          }
        }
      >
        I18n.t(text): 
      </Text>
      Counter target noncreature spell.
    </Text>
  </View>
  <View
    style={
      Object {
        "alignItems": "flex-start",
        "flexDirection": "row",
        "marginHorizontal": 10,
        "marginVertical": 5,
      }
    }
  >
    <Text
      accessible={true}
      allowFontScaling={true}
      ellipsizeMode="tail"
      style={
        Object {
          "fontFamily": "MTGX",
          "fontSize": 17,
        }
      }
    >
      <Text
        accessible={true}
        allowFontScaling={true}
        ellipsizeMode="tail"
        style={
          Object {
            "color": "#000000",
          }
        }
      >
        I18n.t(flavor): 
      </Text>
      It is fascinating to see how the people of this plane replicate magical techniques without a natural gift.
    </Text>
  </View>
  <View
    style={
      Object {
        "alignItems": "flex-start",
        "flexDirection": "row",
        "marginHorizontal": 10,
        "marginVertical": 5,
      }
    }
  >
    <Text
      accessible={true}
      allowFontScaling={true}
      ellipsizeMode="tail"
      style={
        Object {
          "fontFamily": "MTGX",
          "fontSize": 17,
        }
      }
    >
      <Text
        accessible={true}
        allowFontScaling={true}
        ellipsizeMode="tail"
        style={
          Object {
            "color": "#000000",
          }
        }
      >
        I18n.t(rulings): 
      </Text>
      <Text
        accessible={true}
        allowFontScaling={true}
        ellipsizeMode="tail"
      >
        
                - A creature spell is any spell with the type creature, even if it has other types such as artifact or enchantment. Older cards of type summon are also creature spells.
      </Text>
      <Text
        accessible={true}
        allowFontScaling={true}
        ellipsizeMode="tail"
      >
        
                - Testing.
      </Text>
    </Text>
  </View>
  <View
    style={
      Object {
        "alignItems": "flex-start",
        "flexDirection": "row",
        "marginHorizontal": 10,
        "marginVertical": 5,
      }
    }
  >
    <Text
      accessible={true}
      allowFontScaling={true}
      ellipsizeMode="tail"
      style={
        Object {
          "fontFamily": "MTGX",
          "fontSize": 17,
        }
      }
    >
      <Text
        accessible={true}
        allowFontScaling={true}
        ellipsizeMode="tail"
        style={
          Object {
            "color": "#000000",
          }
        }
      >
        I18n.t(sets): 
      </Text>
      Estou com preguiça
    </Text>
  </View>
  <View
    style={
      Object {
        "alignItems": "flex-start",
        "flexDirection": "row",
        "marginHorizontal": 10,
        "marginVertical": 5,
      }
    }
  >
    <Text
      accessible={true}
      allowFontScaling={true}
      ellipsizeMode="tail"
      style={
        Object {
          "fontFamily": "MTGX",
          "fontSize": 17,
        }
      }
    >
      <Text
        accessible={true}
        allowFontScaling={true}
        ellipsizeMode="tail"
        style={
          Object {
            "color": "#000000",
          }
        }
      >
        I18n.t(legality): 
      </Text>
      Farei depois
    </Text>
  </View>
  <View
    style={
      Object {
        "alignItems": "flex-start",
        "flexDirection": "row",
        "marginHorizontal": 10,
        "marginVertical": 5,
      }
    }
  >
    <Text
      accessible={true}
      allowFontScaling={true}
      ellipsizeMode="tail"
      style={
        Object {
          "fontFamily": "MTGX",
          "fontSize": 17,
        }
      }
    >
      <Text
        accessible={true}
        allowFontScaling={true}
        ellipsizeMode="tail"
        style={
          Object {
            "color": "#000000",
          }
        }
      >
        I18n.t(foreignNames): 
      </Text>
      Um dia
    </Text>
  </View>
  <View
    style={
      Object {
        "height": 1036,
        "marginHorizontal": 5,
        "width": 740,
      }
    }
  />
</ScrollViewMock>
`;
