// Jest Snapshot v1, https://goo.gl/fbAQLP

exports[`<SubmitButtonForm /> Snapshot 1`] = `
<TouchableOpacity
  activeOpacity={0.2}
  focusedOpacity={0.7}
  onPress={[Function]}
  style={
    Object {
      "alignItems": "center",
      "backgroundColor": "#3b5998",
      "height": 40,
      "justifyContent": "center",
    }
  }
>
  <Text
    accessible={true}
    allowFontScaling={true}
    ellipsizeMode="tail"
    style={
      Object {
        "color": "white",
        "fontFamily": "beleren",
        "fontSize": 18,
      }
    }
  >
    I18n.t(search)
  </Text>
</TouchableOpacity>
`;
